GowinSynthesis start
Running parser ...
Analyzing Verilog file 'C:\Gowin\Gowin_V1.9.9_x64\IDE\bin\Documents\LAb06_MemoryGame\src\Count_And_Toggle.v'
Analyzing Verilog file 'C:\Gowin\Gowin_V1.9.9_x64\IDE\bin\Documents\LAb06_MemoryGame\src\Debounce_Filter.v'
Analyzing Verilog file 'C:\Gowin\Gowin_V1.9.9_x64\IDE\bin\Documents\LAb06_MemoryGame\src\LFSR_22.v'
Analyzing Verilog file 'C:\Gowin\Gowin_V1.9.9_x64\IDE\bin\Documents\LAb06_MemoryGame\src\Serial_7Segment_Driver.v'
Analyzing Verilog file 'C:\Gowin\Gowin_V1.9.9_x64\IDE\bin\Documents\LAb06_MemoryGame\src\State_Machine_Game.v'
Analyzing Verilog file 'C:\Gowin\Gowin_V1.9.9_x64\IDE\bin\Documents\LAb06_MemoryGame\src\State_Machine_Project_Top.v'
Compiling module 'State_Machine_Project_Top'("C:\Gowin\Gowin_V1.9.9_x64\IDE\bin\Documents\LAb06_MemoryGame\src\State_Machine_Project_Top.v":1)
Compiling module 'Debounce_Filter(DEBOUNCE_LIMIT=500000)'("C:\Gowin\Gowin_V1.9.9_x64\IDE\bin\Documents\LAb06_MemoryGame\src\Debounce_Filter.v":9)
WARN  (EX3791) : Expression size 20 truncated to fit in target size 19("C:\Gowin\Gowin_V1.9.9_x64\IDE\bin\Documents\LAb06_MemoryGame\src\Debounce_Filter.v":24)
Compiling module 'State_Machine_Game(GAME_LIMIT=10)'("C:\Gowin\Gowin_V1.9.9_x64\IDE\bin\Documents\LAb06_MemoryGame\src\State_Machine_Game.v":1)
WARN  (EX3791) : Expression size 5 truncated to fit in target size 4("C:\Gowin\Gowin_V1.9.9_x64\IDE\bin\Documents\LAb06_MemoryGame\src\State_Machine_Game.v":57)
WARN  (EX3791) : Expression size 5 truncated to fit in target size 4("C:\Gowin\Gowin_V1.9.9_x64\IDE\bin\Documents\LAb06_MemoryGame\src\State_Machine_Game.v":70)
WARN  (EX3791) : Expression size 5 truncated to fit in target size 4("C:\Gowin\Gowin_V1.9.9_x64\IDE\bin\Documents\LAb06_MemoryGame\src\State_Machine_Game.v":75)
Compiling module 'Count_And_Toggle(COUNT_LIMIT=12500000)'("C:\Gowin\Gowin_V1.9.9_x64\IDE\bin\Documents\LAb06_MemoryGame\src\Count_And_Toggle.v":5)
WARN  (EX3791) : Expression size 26 truncated to fit in target size 25("C:\Gowin\Gowin_V1.9.9_x64\IDE\bin\Documents\LAb06_MemoryGame\src\Count_And_Toggle.v":25)
Compiling module 'LFSR_22'("C:\Gowin\Gowin_V1.9.9_x64\IDE\bin\Documents\LAb06_MemoryGame\src\LFSR_22.v":2)
Compiling module 'Serial_7Segment_Driver'("C:\Gowin\Gowin_V1.9.9_x64\IDE\bin\Documents\LAb06_MemoryGame\src\Serial_7Segment_Driver.v":1)
WARN  (EX3791) : Expression size 9 truncated to fit in target size 8("C:\Gowin\Gowin_V1.9.9_x64\IDE\bin\Documents\LAb06_MemoryGame\src\Serial_7Segment_Driver.v":46)
WARN  (EX3791) : Expression size 6 truncated to fit in target size 5("C:\Gowin\Gowin_V1.9.9_x64\IDE\bin\Documents\LAb06_MemoryGame\src\Serial_7Segment_Driver.v":53)
NOTE  (EX0101) : Current top module is "State_Machine_Project_Top"
[5%] Running netlist conversion ...
Running device independent optimization ...
[10%] Optimizing Phase 0 completed
[15%] Optimizing Phase 1 completed
[25%] Optimizing Phase 2 completed
Running inference ...
[30%] Inferring Phase 0 completed
[40%] Inferring Phase 1 completed
[50%] Inferring Phase 2 completed
[55%] Inferring Phase 3 completed
Running technical mapping ...
[60%] Tech-Mapping Phase 0 completed
[65%] Tech-Mapping Phase 1 completed
[75%] Tech-Mapping Phase 2 completed
[80%] Tech-Mapping Phase 3 completed
[90%] Tech-Mapping Phase 4 completed
[95%] Generate netlist file "C:\Gowin\Gowin_V1.9.9_x64\IDE\bin\Documents\LAb06_MemoryGame\impl\gwsynthesis\LAb06_MemoryGame.vg" completed
[100%] Generate report file "C:\Gowin\Gowin_V1.9.9_x64\IDE\bin\Documents\LAb06_MemoryGame\impl\gwsynthesis\LAb06_MemoryGame_syn.rpt.html" completed
GowinSynthesis finish
