Reading netlist file: "C:\Gowin\Gowin_V1.9.9_x64\IDE\bin\Documents\LAb06_MemoryGame\impl\gwsynthesis\LAb06_MemoryGame.vg"
Parsing netlist file "C:\Gowin\Gowin_V1.9.9_x64\IDE\bin\Documents\LAb06_MemoryGame\impl\gwsynthesis\LAb06_MemoryGame.vg" completed
Processing netlist completed
Reading constraint file: "C:\Gowin\Gowin_V1.9.9_x64\IDE\bin\Documents\LAb06_MemoryGame\src\tcl.cst"
Physical Constraint parsed completed
Running placement......
[10%] Placement Phase 0 completed
[20%] Placement Phase 1 completed
[30%] Placement Phase 2 completed
[50%] Placement Phase 3 completed
Running routing......
[60%] Routing Phase 0 completed
[70%] Routing Phase 1 completed
[80%] Routing Phase 2 completed
[90%] Routing Phase 3 completed
Running timing analysis......
[95%] Timing analysis completed
Placement and routing completed
Bitstream generation in progress......
Bitstream generation completed
Generate file "C:\Gowin\Gowin_V1.9.9_x64\IDE\bin\Documents\LAb06_MemoryGame\impl\pnr\LAb06_MemoryGame.pin.html" completed
Generate file "C:\Gowin\Gowin_V1.9.9_x64\IDE\bin\Documents\LAb06_MemoryGame\impl\pnr\LAb06_MemoryGame.rpt.html" completed
Generate file "C:\Gowin\Gowin_V1.9.9_x64\IDE\bin\Documents\LAb06_MemoryGame\impl\pnr\LAb06_MemoryGame.rpt.txt" completed
Generate file "C:\Gowin\Gowin_V1.9.9_x64\IDE\bin\Documents\LAb06_MemoryGame\impl\pnr\LAb06_MemoryGame.tr.html" completed
Wed Apr 15 16:06:18 2026

